114514
1919810
I have a dream.
